

PROXY APACHE TO ALFRESCO 34D ON 7070 PORT (SHAREPOINT PROTOCOL)
=============================


* kns.konosys.es -> 176.9.30.36:80
* kns-alfr0.knsdomain.local -> 10.10.10.14:8080 ctx=/alfresco y ctx=/share
* Sharepoint protocol in Alfresco runs in port 7070
* This a TCP protocol
* Source proxmox network (hub/virtual) is 10.10.10.1 
* End user will access to Alfresco via Sharepoint protocol with HTTP under 7014, then:
   
   end_user -> http://knsys:7014 -> proxmox hub virtual (10.10.10.1) -> http://knsys-alfr0:7070

* Check if from host source (kns) can reach to target host(kns-alfr0) on 7070 port:
root@kns ~ # telnet kns-alfr0 7070
Trying 10.10.10.14...
telnet: Unable to connect to remote host: No route to host


----- Preview steps ---------

0. Install Apache modules:


root@kns /etc/apache2 # apt-get install apache2.2-common

0. Enable Apache modules (mod_proxy):


root@kns /etc/apache2 # /etc/init.d/apache2 reload
Syntax error on line 3 of /etc/apache2/sites-enabled/kns-lamp1-miki.conf:
Invalid command 'ProxyPass', perhaps misspelled or defined by a module not included in the server configuration
Action 'configtest' failed.
The Apache error log may have more information.
 failed!

If you get an error as above, then enable module mod_proxy:

root@kns /etc/apache2 # a2enmod proxy


0. Enable Apache modules (mod_proxy_http):

----
[warn] proxy: No protocol handler was valid for the URL /. If you are using a DSO version of mod_proxy, make sure the proxy submodules are included in the configuration using LoadModule.
----
If you get an error as above, then enable module mod_proxy_http

root@kns /etc/apache2 # a2enmod proxy_http

------------------------------

1. List iptables rules:

[root@kns-alfr0 ~]# iptables -L --line-numbers

2. Add new rule at end of table, in this case I have 7 rules, then run this cmd:

[root@kns-alfr0 ~]# iptables -I INPUT 7 -p tcp -s 10.10.10.1 --dport 7070 -j ACCEPT

3. Check again :

root@kns ~ # telnet kns-alfr0 7070
Trying 10.10.10.14...
Connected to kns-alfr0.
Escape character is '^]'.
^CConnection closed by foreign host.

4. Now, to create virtual host in apache (knsys) for forwarding requests in 7014 port to knsys-alfr0:7070
   Because Alfresco using sharepoint protocol works with 7070 port on HTTP

root@kns ~ # nano /etc/apache2/sites-available/kns-alfr0-alfr34d-sharepoint.conf

<VirtualHost *:7014>
  ProxyPreserveHost On
  ProxyPass / http://10.10.10.14:7070/
  ProxyPassReverse / http://10.10.10.14:7070/
  ServerName  www.konosys.es

  # Logfiles
  ErrorLog  /root/knsapache2/kns-alfr0-alfr34d-sharepoint/logs/error.log
  CustomLog /root/knsapache2/kns-alfr0-alfr34d-sharepoint/logs/access.log combined
</VirtualHost>

5. Add new ports for this virtual host

root@kns ~ # nano /etc/apache2/ports.conf

---
NameVirtualHost *:80
Listen 80

#konosys: new port 8080 for pve web
#NameVirtualHost *.8080
#Listen 8080

#kns-lamp1-miki
NameVirtualHost *:8013
Listen 8013

<IfModule mod_ssl.c>
    Listen 8443
</IfModule>

<IfModule mod_gnutls.c>
    Listen 8443
</IfModule>

### kns-alfr0 ########
NameVirtualHost *:8014
Listen 8014

### kns-alfr0-sharepoint ########
NameVirtualHost *:7014
Listen 7014
----


6. Enable new site (virtual host) .

root@kns ~ # a2ensite kns-alfr0-alfr34d-sharepoint.conf
Enabling site kns-alfr0-alfr34d-sharepoint.conf.
Run '/etc/init.d/apache2 reload' to activate new configuration!

7. root@kns ~ # /etc/init.d/apache2 reload

8. Check logs here:

root@kns ~ # tail -f /root/knsapache2/kns-alfr0-alfr34d-sharepoint/logs/error.log 

9. Also, check it from MS Word 2003 or above using http://www.konosys.es:7014/alfresco 

10. End.
