
APACHE MOD_JK AND LIFERAY
=========================

1. 

apache -> 176.9.30.36:80
liferay -> 10.10.10.12:8080 ctx=/kns

2. 

root@kns ~ # ls -la /etc/apache2/
total 84K
drwxr-xr-x  7 root root 4.0K Oct 26 17:20 .
drwxr-xr-x 77 root root 4.0K Oct 28 08:13 ..
-rw-r--r--  1 root root 8.1K Oct 28 13:51 apache2.conf
drwxr-xr-x  2 root root 4.0K Oct 26 18:11 conf.d
-rw-r--r--  1 root root 1.2K Sep 29 22:58 envvars
-rw-r--r--  1 root root    0 Oct 26 02:54 httpd.conf
-rw-r--r--  1 root root  31K Sep 29 22:58 magic
drwxr-xr-x  2 root root 4.0K Oct 26 11:10 mods-available
drwxr-xr-x  2 root root 4.0K Oct 26 11:10 mods-enabled
-rw-r--r--  1 root root  862 Oct 28 13:56 ports.conf
drwxr-xr-x  2 root root 4.0K Oct 26 17:25 sites-available
drwxr-xr-x  2 root root 4.0K Nov 18 17:31 sites-enabled


3. Get information on linux and apache version:

root@kns ~ # uname -a
Linux kns.konosys.es 2.6.32-5-amd64 #1 SMP Fri Sep 9 20:23:16 UTC 2011 x86_64 GNU/Linux

root@kns ~ # apache2 -version
Server version: Apache/2.2.16 (Debian)
Server built:   Sep 29 2011 20:59:05

4. Update packages and Install MOD_JK and enable it:

konosys:~# apt-get update

konosys:~# apt-get install libapache2-mod-jk
Reading package lists... Done
Building dependency tree... Done
Suggested packages:
  tomcat5.5 libapache-mod-jk-doc
The following NEW packages will be installed:
  libapache2-mod-jk
0 upgraded, 1 newly installed, 0 to remove and 45 not upgraded.
Need to get 128kB of archives.
After this operation, 389kB of additional disk space will be used.
Get:1 http://ftp.es.debian.org lenny/main libapache2-mod-jk 1:1.2.26-2+lenny1 [128kB]
Fetched 128kB in 0s (131kB/s)            
Selecting previously deselected package libapache2-mod-jk.
(Reading database ... 25921 files and directories currently installed.)
Unpacking libapache2-mod-jk (from .../libapache2-mod-jk_1%3a1.2.26-2+lenny1_amd64.deb) ...
Setting up libapache2-mod-jk (1:1.2.26-2+lenny1) ...
Enabling module jk.
Run '/etc/init.d/apache2 restart' to activate new configuration!

konosys:~# a2enmod jk 
Module jk already enabled

...It is necessary enable mod_rewrite (rewrite requested URLs on the fly) in Apache
root@kns /etc/apache2 # a2enmod rewrite
Module rewrite already enabled


5. In Liferay, enable Tomcat's AJP port editing ${LIFERAY_HOME}/tomcat-6.0.29/conf/server.xml, generally is as follow:

[...]
    <!-- Define an AJP 1.3 Connector on port 8009 -->
    <Connector URIEncoding="UTF-8" port="8009" protocol="AJP/1.3" redirectPort="8443"/>
[...]

6. Re-start Liferay.

7. In Proxmox/Apache, create the following files:

Create the /etc/apache2/workers.properties file as root and add the following: 

---
root@kns ~ # more /etc/apache2/workers.properties 
worker.list=worker1lfry1,worker2status

worker.worker1lfry1.port=8009
worker.worker1lfry1.host=lfry2
worker.worker1lfry1.type=ajp13
worker.worker1lfry1.lbfactor=1

worker.worker2status.type=status
---

Add the following in /etc/apache2/apache2.conf:

-----
#### konosys.es - liferay #####
JkWorkersFile /etc/apache2/workers.properties
JkLogFile /var/log/apache2/jk.log
JkLogLevel info
JkLogStampFormat "[%a %b %d %H:%M:%S %Y]"
JkOptions +ForwardKeySize +ForwardURICompat -ForwardDirectories
JkRequestLogFormat "%w %V %T"
###############################
-----

For my virtual host, I created the following configuration file under /etc/apache2/sites-available:

root@kns ~ # more /etc/apache2/sites-available/kns-lfry1-lfry606.conf 
#Listen 80
#NameVirtualHost *:80

<VirtualHost *:80>
        ServerName www.konosys.es
        ServerAlias konosys.es
        ServerAdmin portal-admin@konosys.es
        DirectoryIndex index.html index.jsp
        DocumentRoot /root/knsapache2/kns-lfry1-lfry606/www/

        JkMount /kns worker1lfry1
        JkMount /kns/* worker1lfry1

        JkMount /chat-portlet worker1lfry1
        JkMount /chat-portlet/* worker1lfry1
        
        JkMount /default-site-templates-hook worker1lfry1
        JkMount /default-site-templates-hook/* worker1lfry1     
        
        JkMount /google-maps-portlet worker1lfry1
        JkMount /google-maps-portlet/* worker1lfry1     
        
        JkMount /Konosys-theme worker1lfry1
        JkMount /Konosys-theme/* worker1lfry1

        JkMount /web-form-portlet worker1lfry1
        JkMount /web-form-portlet/* worker1lfry1

		## 2012/02/10: to access in WebDAV-DocumentLibrary
        JkMount /tunnel-web worker1lfry1
        JkMount /tunnel-web/* worker1lfry1

        RewriteEngine On
        # Parece que el NC no funciona
        RewriteCond %{REQUEST_URI} ^/chat-portlet [OR]
        RewriteCond %{REQUEST_URI} ^/default-site-templates-hook [OR]
        RewriteCond %{REQUEST_URI} ^/google-maps-portlet [OR]
        RewriteCond %{REQUEST_URI} ^/Konosys-theme [NC,OR]
        RewriteCond %{REQUEST_URI} ^/web-form-portlet [OR]
        ## 2012/02/10: to access in WebDAV-DocumentLibrary
        RewriteCond %{REQUEST_URI} ^/tunnel-web     
        RewriteRule (.*) $1 [L]

        # acepta Mays y mins
        RewriteCond %{REQUEST_URI} !^/kns 
        RewriteRule (.*) /kns [PT,L]

        RewriteLog /root/knsapache2/kns-lfry1-lfry606/logs/kns_mod_rewrite.log
        RewriteLogLevel 3

        # Logfiles
        ErrorLog  /root/knsapache2/kns-lfry1-lfry606/logs/error.log
        CustomLog /root/knsapache2/kns-lfry1-lfry606/logs/access.log combined
</VirtualHost>

#<Location /portalstatus/>
#       JkMount worker2status
#       Order deny,allow
#       Deny from all
#       # Allow from lfry1
#       Allow from all
#</Location>


-----[ ...... otro virtualhost ] -------
<VirtualHost *:8080>
	ServerName abc.myhost.com
	ServerAdmin liferay-admin@intix.info
	JkMount /* worker1lfry1
	JkMount /*.jsp worker1lfry1
	DirectoryIndex index.jsp index.html
	# Globally deny access to the WEB-INF directory
	<LocationMatch '.*WEB-INF.*'>
		AllowOverride None
		deny from all
	</LocationMatch>
</VirtualHost>
------ [] --------------------------------

9. konosys:~# a2ensite kns-lfry1-lfry606.conf 

para deshabilitar: a2dissite kns-lfry1-lfry606.conf 

despu√©s hacer reload (aunque los cmds anteriores ya hacen reload):

/etc/init.d/apache2 reload


8. /etc/init.d/apache2 stop

IPTABLES (****+ no funka?)

iptables -t nat -A PREROUTING -i eth0 -p tcp --dport 8080 -j DNAT --to 10.10.10.11:8080

iptables -t nat -A PREROUTING -i eth0 -p tcp --dport 80 -j DNAT --to 10.10.10.13:80





---------------
VIRTUAL HOST
************
Para evitar este error:
[Tue Nov 01 16:05:53 2011] [crit] [client 88.18.22.246] (13)Permission denied: /root/.htaccess pcfg_openfile: unable to check htaccess file, ensure it is readable

Hacer lo siguiente:
# chown -R root:www-data /root
# chmod -R  755 /root/
# nano /root/knsapache2/kns-lfry1-lfry606/www/index.html 